// Jest Snapshot v1, https://goo.gl/fbAQLP

exports[`SpinnerContent should render 1`] = `
<SpinnerContentStyled>
  <Spinner />
</SpinnerContentStyled>
`;
