// Jest Snapshot v1, https://goo.gl/fbAQLP

exports[`Spinner should render 1`] = `
.c0 {
  width: 75px;
  height: 75px;
  border-radius: 50%;
  background-color: transparent;
  border: 2px solid #d5d5d5;
  border-top: 2px solid #00b0df;
  -webkit-animation: iptmSo 1s linear infinite;
  -webkit-animation: iptmSo 1s linear infinite;
  animation: iptmSo 1s linear infinite;
}

<div
  className="c0"
/>
`;
